// Jest Snapshot v1, https://goo.gl/fbAQLP

exports[`should render Home page when error 1`] = `
<div>
  <div
    class="sc-EHOje fpqoIO"
  >
    <nav
      class="sc-bZQynM cJdLyE"
    >
      <a
        href="/"
      >
        <img
          alt=""
          src="http://assets.stickpng.com/thumbs/5cb4839d5f1b6d3fbadece7c.png"
          width="80px"
        />
      </a>
    </nav>
    <div
      class="sc-gzVnrw hoGxXq"
    >
      Wystąpił błąd
    </div>
  </div>
</div>
`;

exports[`should render Home page when success 1`] = `
<div>
  <div
    class="sc-EHOje fpqoIO"
  >
    <nav
      class="sc-bZQynM cJdLyE"
    >
      <a
        href="/"
      >
        <img
          alt=""
          src="http://assets.stickpng.com/thumbs/5cb4839d5f1b6d3fbadece7c.png"
          width="80px"
        />
      </a>
    </nav>
    <div
      class="sc-htoDjs kkCPtT"
    >
      <div
        class="sc-dnqmqq fqdXye"
      >
        <a
          href="/section/1410291"
        >
          Shadow Play
        </a>
      </div>
      <div
        class="sc-gzVnrw hoGxXq"
      >
        <div
          class="sc-ifAKCX iaQSYB"
        >
          <div
            class="sc-bxivhb bpdASk"
          >
            <div
              class="sc-htpNat ksuqex"
            >
              <div
                class="sc-bwzfXH hJKToz"
              >
                <div
                  class="sc-bdVaJa gPiIUi"
                >
                  <img
                    alt=""
                    src="https://images.unsplash.com/photo-1548504773-429e84f586d2?ixlib=rb-1.2.1&q=80&fm=jpg&crop=entropy&cs=tinysrgb&w=400&fit=max&ixid=eyJhcHBfaWQiOjk5ODE1fQ"
                    style="display: none;"
                    width="100%"
                  />
                </div>
              </div>
            </div>
            <div
              class="sc-htpNat ksuqex"
            >
              <div
                class="sc-bwzfXH hJKToz"
              >
                <div
                  class="sc-bdVaJa gPiIUi"
                >
                  <img
                    alt=""
                    src="https://images.unsplash.com/photo-1564298301689-1b7e2eeedb1e?ixlib=rb-1.2.1&q=80&fm=jpg&crop=entropy&cs=tinysrgb&w=400&fit=max&ixid=eyJhcHBfaWQiOjk5ODE1fQ"
                    style="display: none;"
                    width="100%"
                  />
                </div>
              </div>
            </div>
            <div
              class="sc-htpNat ksuqex"
            >
              <div
                class="sc-bwzfXH hJKToz"
              >
                <div
                  class="sc-bdVaJa gPiIUi"
                >
                  <img
                    alt=""
                    src="https://images.unsplash.com/photo-1572733438327-8f9e7b298093?ixlib=rb-1.2.1&q=80&fm=jpg&crop=entropy&cs=tinysrgb&w=400&fit=max&ixid=eyJhcHBfaWQiOjk5ODE1fQ"
                    style="display: none;"
                    width="100%"
                  />
                </div>
              </div>
            </div>
            <div
              class="sc-htpNat ksuqex"
            >
              <div
                class="sc-bwzfXH hJKToz"
              >
                <div
                  class="sc-bdVaJa gPiIUi"
                >
                  <img
                    alt=""
                    src="https://images.unsplash.com/photo-1569569970363-df7b6160d111?ixlib=rb-1.2.1&q=80&fm=jpg&crop=entropy&cs=tinysrgb&w=400&fit=max&ixid=eyJhcHBfaWQiOjk5ODE1fQ"
                    style="display: none;"
                    width="100%"
                  />
                </div>
              </div>
            </div>
            <div
              class="sc-htpNat ksuqex"
            >
              <div
                class="sc-bwzfXH hJKToz"
              >
                <div
                  class="sc-bdVaJa gPiIUi"
                >
                  <img
                    alt=""
                    src="https://images.unsplash.com/photo-1572733438515-8f143a854f72?ixlib=rb-1.2.1&q=80&fm=jpg&crop=entropy&cs=tinysrgb&w=400&fit=max&ixid=eyJhcHBfaWQiOjk5ODE1fQ"
                    style="display: none;"
                    width="100%"
                  />
                </div>
              </div>
            </div>
            <div
              class="sc-htpNat ksuqex"
            >
              <div
                class="sc-bwzfXH hJKToz"
              >
                <div
                  class="sc-bdVaJa gPiIUi"
                >
                  <img
                    alt=""
                    src="https://images.unsplash.com/photo-1572830079160-c2622cb81ad4?ixlib=rb-1.2.1&q=80&fm=jpg&crop=entropy&cs=tinysrgb&w=400&fit=max&ixid=eyJhcHBfaWQiOjk5ODE1fQ"
                    style="display: none;"
                    width="100%"
                  />
                </div>
              </div>
            </div>
            <div
              class="sc-htpNat ksuqex"
            >
              <div
                class="sc-bwzfXH hJKToz"
              >
                <div
                  class="sc-bdVaJa gPiIUi"
                >
                  <img
                    alt=""
                    src="https://images.unsplash.com/photo-1572836036446-6e05500a2a55?ixlib=rb-1.2.1&q=80&fm=jpg&crop=entropy&cs=tinysrgb&w=400&fit=max&ixid=eyJhcHBfaWQiOjk5ODE1fQ"
                    style="display: none;"
                    width="100%"
                  />
                </div>
              </div>
            </div>
            <div
              class="sc-htpNat ksuqex"
            >
              <div
                class="sc-bwzfXH hJKToz"
              >
                <div
                  class="sc-bdVaJa gPiIUi"
                >
                  <img
                    alt=""
                    src="https://images.unsplash.com/photo-1572879063600-700717a1d150?ixlib=rb-1.2.1&q=80&fm=jpg&crop=entropy&cs=tinysrgb&w=400&fit=max&ixid=eyJhcHBfaWQiOjk5ODE1fQ"
                    style="display: none;"
                    width="100%"
                  />
                </div>
              </div>
            </div>
            <div
              class="sc-htpNat ksuqex"
            >
              <div
                class="sc-bwzfXH hJKToz"
              >
                <div
                  class="sc-bdVaJa gPiIUi"
                >
                  <img
                    alt=""
                    src="https://images.unsplash.com/photo-1572962157581-f3569432b95f?ixlib=rb-1.2.1&q=80&fm=jpg&crop=entropy&cs=tinysrgb&w=400&fit=max&ixid=eyJhcHBfaWQiOjk5ODE1fQ"
                    style="display: none;"
                    width="100%"
                  />
                </div>
              </div>
            </div>
            <div
              class="sc-htpNat ksuqex"
            >
              <div
                class="sc-bwzfXH hJKToz"
              >
                <div
                  class="sc-bdVaJa gPiIUi"
                >
                  <img
                    alt=""
                    src="https://images.unsplash.com/photo-1573057454928-f6eda06245ed?ixlib=rb-1.2.1&q=80&fm=jpg&crop=entropy&cs=tinysrgb&w=400&fit=max&ixid=eyJhcHBfaWQiOjk5ODE1fQ"
                    style="display: none;"
                    width="100%"
                  />
                </div>
              </div>
            </div>
          </div>
        </div>
      </div>
    </div>
    <div
      class="sc-htoDjs kkCPtT"
    >
      <div
        class="sc-dnqmqq fqdXye"
      >
        <a
          href="/section/1127807"
        >
          Wedding Inspiration 💍
        </a>
      </div>
      <div
        class="sc-gzVnrw hoGxXq"
      >
        <div
          class="sc-ifAKCX iaQSYB"
        >
          <div
            class="sc-bxivhb bpdASk"
          >
            <div
              class="sc-htpNat ksuqex"
            >
              <div
                class="sc-bwzfXH hJKToz"
              >
                <div
                  class="sc-bdVaJa gPiIUi"
                >
                  <img
                    alt=""
                    src="https://images.unsplash.com/photo-1548504773-429e84f586d2?ixlib=rb-1.2.1&q=80&fm=jpg&crop=entropy&cs=tinysrgb&w=400&fit=max&ixid=eyJhcHBfaWQiOjk5ODE1fQ"
                    style="display: none;"
                    width="100%"
                  />
                </div>
              </div>
            </div>
            <div
              class="sc-htpNat ksuqex"
            >
              <div
                class="sc-bwzfXH hJKToz"
              >
                <div
                  class="sc-bdVaJa gPiIUi"
                >
                  <img
                    alt=""
                    src="https://images.unsplash.com/photo-1564298301689-1b7e2eeedb1e?ixlib=rb-1.2.1&q=80&fm=jpg&crop=entropy&cs=tinysrgb&w=400&fit=max&ixid=eyJhcHBfaWQiOjk5ODE1fQ"
                    style="display: none;"
                    width="100%"
                  />
                </div>
              </div>
            </div>
            <div
              class="sc-htpNat ksuqex"
            >
              <div
                class="sc-bwzfXH hJKToz"
              >
                <div
                  class="sc-bdVaJa gPiIUi"
                >
                  <img
                    alt=""
                    src="https://images.unsplash.com/photo-1572733438327-8f9e7b298093?ixlib=rb-1.2.1&q=80&fm=jpg&crop=entropy&cs=tinysrgb&w=400&fit=max&ixid=eyJhcHBfaWQiOjk5ODE1fQ"
                    style="display: none;"
                    width="100%"
                  />
                </div>
              </div>
            </div>
            <div
              class="sc-htpNat ksuqex"
            >
              <div
                class="sc-bwzfXH hJKToz"
              >
                <div
                  class="sc-bdVaJa gPiIUi"
                >
                  <img
                    alt=""
                    src="https://images.unsplash.com/photo-1569569970363-df7b6160d111?ixlib=rb-1.2.1&q=80&fm=jpg&crop=entropy&cs=tinysrgb&w=400&fit=max&ixid=eyJhcHBfaWQiOjk5ODE1fQ"
                    style="display: none;"
                    width="100%"
                  />
                </div>
              </div>
            </div>
            <div
              class="sc-htpNat ksuqex"
            >
              <div
                class="sc-bwzfXH hJKToz"
              >
                <div
                  class="sc-bdVaJa gPiIUi"
                >
                  <img
                    alt=""
                    src="https://images.unsplash.com/photo-1572733438515-8f143a854f72?ixlib=rb-1.2.1&q=80&fm=jpg&crop=entropy&cs=tinysrgb&w=400&fit=max&ixid=eyJhcHBfaWQiOjk5ODE1fQ"
                    style="display: none;"
                    width="100%"
                  />
                </div>
              </div>
            </div>
            <div
              class="sc-htpNat ksuqex"
            >
              <div
                class="sc-bwzfXH hJKToz"
              >
                <div
                  class="sc-bdVaJa gPiIUi"
                >
                  <img
                    alt=""
                    src="https://images.unsplash.com/photo-1572830079160-c2622cb81ad4?ixlib=rb-1.2.1&q=80&fm=jpg&crop=entropy&cs=tinysrgb&w=400&fit=max&ixid=eyJhcHBfaWQiOjk5ODE1fQ"
                    style="display: none;"
                    width="100%"
                  />
                </div>
              </div>
            </div>
            <div
              class="sc-htpNat ksuqex"
            >
              <div
                class="sc-bwzfXH hJKToz"
              >
                <div
                  class="sc-bdVaJa gPiIUi"
                >
                  <img
                    alt=""
                    src="https://images.unsplash.com/photo-1572836036446-6e05500a2a55?ixlib=rb-1.2.1&q=80&fm=jpg&crop=entropy&cs=tinysrgb&w=400&fit=max&ixid=eyJhcHBfaWQiOjk5ODE1fQ"
                    style="display: none;"
                    width="100%"
                  />
                </div>
              </div>
            </div>
            <div
              class="sc-htpNat ksuqex"
            >
              <div
                class="sc-bwzfXH hJKToz"
              >
                <div
                  class="sc-bdVaJa gPiIUi"
                >
                  <img
                    alt=""
                    src="https://images.unsplash.com/photo-1572879063600-700717a1d150?ixlib=rb-1.2.1&q=80&fm=jpg&crop=entropy&cs=tinysrgb&w=400&fit=max&ixid=eyJhcHBfaWQiOjk5ODE1fQ"
                    style="display: none;"
                    width="100%"
                  />
                </div>
              </div>
            </div>
            <div
              class="sc-htpNat ksuqex"
            >
              <div
                class="sc-bwzfXH hJKToz"
              >
                <div
                  class="sc-bdVaJa gPiIUi"
                >
                  <img
                    alt=""
                    src="https://images.unsplash.com/photo-1572962157581-f3569432b95f?ixlib=rb-1.2.1&q=80&fm=jpg&crop=entropy&cs=tinysrgb&w=400&fit=max&ixid=eyJhcHBfaWQiOjk5ODE1fQ"
                    style="display: none;"
                    width="100%"
                  />
                </div>
              </div>
            </div>
            <div
              class="sc-htpNat ksuqex"
            >
              <div
                class="sc-bwzfXH hJKToz"
              >
                <div
                  class="sc-bdVaJa gPiIUi"
                >
                  <img
                    alt=""
                    src="https://images.unsplash.com/photo-1573057454928-f6eda06245ed?ixlib=rb-1.2.1&q=80&fm=jpg&crop=entropy&cs=tinysrgb&w=400&fit=max&ixid=eyJhcHBfaWQiOjk5ODE1fQ"
                    style="display: none;"
                    width="100%"
                  />
                </div>
              </div>
            </div>
          </div>
        </div>
      </div>
    </div>
    <div
      class="sc-htoDjs kkCPtT"
    >
      <div
        class="sc-dnqmqq fqdXye"
      >
        <a
          href="/section/3694365"
        >
          Gradient Nation
        </a>
      </div>
      <div
        class="sc-gzVnrw hoGxXq"
      >
        <div
          class="sc-ifAKCX iaQSYB"
        >
          <div
            class="sc-bxivhb bpdASk"
          >
            <div
              class="sc-htpNat ksuqex"
            >
              <div
                class="sc-bwzfXH hJKToz"
              >
                <div
                  class="sc-bdVaJa gPiIUi"
                >
                  <img
                    alt=""
                    src="https://images.unsplash.com/photo-1548504773-429e84f586d2?ixlib=rb-1.2.1&q=80&fm=jpg&crop=entropy&cs=tinysrgb&w=400&fit=max&ixid=eyJhcHBfaWQiOjk5ODE1fQ"
                    style="display: none;"
                    width="100%"
                  />
                </div>
              </div>
            </div>
            <div
              class="sc-htpNat ksuqex"
            >
              <div
                class="sc-bwzfXH hJKToz"
              >
                <div
                  class="sc-bdVaJa gPiIUi"
                >
                  <img
                    alt=""
                    src="https://images.unsplash.com/photo-1564298301689-1b7e2eeedb1e?ixlib=rb-1.2.1&q=80&fm=jpg&crop=entropy&cs=tinysrgb&w=400&fit=max&ixid=eyJhcHBfaWQiOjk5ODE1fQ"
                    style="display: none;"
                    width="100%"
                  />
                </div>
              </div>
            </div>
            <div
              class="sc-htpNat ksuqex"
            >
              <div
                class="sc-bwzfXH hJKToz"
              >
                <div
                  class="sc-bdVaJa gPiIUi"
                >
                  <img
                    alt=""
                    src="https://images.unsplash.com/photo-1572733438327-8f9e7b298093?ixlib=rb-1.2.1&q=80&fm=jpg&crop=entropy&cs=tinysrgb&w=400&fit=max&ixid=eyJhcHBfaWQiOjk5ODE1fQ"
                    style="display: none;"
                    width="100%"
                  />
                </div>
              </div>
            </div>
            <div
              class="sc-htpNat ksuqex"
            >
              <div
                class="sc-bwzfXH hJKToz"
              >
                <div
                  class="sc-bdVaJa gPiIUi"
                >
                  <img
                    alt=""
                    src="https://images.unsplash.com/photo-1569569970363-df7b6160d111?ixlib=rb-1.2.1&q=80&fm=jpg&crop=entropy&cs=tinysrgb&w=400&fit=max&ixid=eyJhcHBfaWQiOjk5ODE1fQ"
                    style="display: none;"
                    width="100%"
                  />
                </div>
              </div>
            </div>
            <div
              class="sc-htpNat ksuqex"
            >
              <div
                class="sc-bwzfXH hJKToz"
              >
                <div
                  class="sc-bdVaJa gPiIUi"
                >
                  <img
                    alt=""
                    src="https://images.unsplash.com/photo-1572733438515-8f143a854f72?ixlib=rb-1.2.1&q=80&fm=jpg&crop=entropy&cs=tinysrgb&w=400&fit=max&ixid=eyJhcHBfaWQiOjk5ODE1fQ"
                    style="display: none;"
                    width="100%"
                  />
                </div>
              </div>
            </div>
            <div
              class="sc-htpNat ksuqex"
            >
              <div
                class="sc-bwzfXH hJKToz"
              >
                <div
                  class="sc-bdVaJa gPiIUi"
                >
                  <img
                    alt=""
                    src="https://images.unsplash.com/photo-1572830079160-c2622cb81ad4?ixlib=rb-1.2.1&q=80&fm=jpg&crop=entropy&cs=tinysrgb&w=400&fit=max&ixid=eyJhcHBfaWQiOjk5ODE1fQ"
                    style="display: none;"
                    width="100%"
                  />
                </div>
              </div>
            </div>
            <div
              class="sc-htpNat ksuqex"
            >
              <div
                class="sc-bwzfXH hJKToz"
              >
                <div
                  class="sc-bdVaJa gPiIUi"
                >
                  <img
                    alt=""
                    src="https://images.unsplash.com/photo-1572836036446-6e05500a2a55?ixlib=rb-1.2.1&q=80&fm=jpg&crop=entropy&cs=tinysrgb&w=400&fit=max&ixid=eyJhcHBfaWQiOjk5ODE1fQ"
                    style="display: none;"
                    width="100%"
                  />
                </div>
              </div>
            </div>
            <div
              class="sc-htpNat ksuqex"
            >
              <div
                class="sc-bwzfXH hJKToz"
              >
                <div
                  class="sc-bdVaJa gPiIUi"
                >
                  <img
                    alt=""
                    src="https://images.unsplash.com/photo-1572879063600-700717a1d150?ixlib=rb-1.2.1&q=80&fm=jpg&crop=entropy&cs=tinysrgb&w=400&fit=max&ixid=eyJhcHBfaWQiOjk5ODE1fQ"
                    style="display: none;"
                    width="100%"
                  />
                </div>
              </div>
            </div>
            <div
              class="sc-htpNat ksuqex"
            >
              <div
                class="sc-bwzfXH hJKToz"
              >
                <div
                  class="sc-bdVaJa gPiIUi"
                >
                  <img
                    alt=""
                    src="https://images.unsplash.com/photo-1572962157581-f3569432b95f?ixlib=rb-1.2.1&q=80&fm=jpg&crop=entropy&cs=tinysrgb&w=400&fit=max&ixid=eyJhcHBfaWQiOjk5ODE1fQ"
                    style="display: none;"
                    width="100%"
                  />
                </div>
              </div>
            </div>
            <div
              class="sc-htpNat ksuqex"
            >
              <div
                class="sc-bwzfXH hJKToz"
              >
                <div
                  class="sc-bdVaJa gPiIUi"
                >
                  <img
                    alt=""
                    src="https://images.unsplash.com/photo-1573057454928-f6eda06245ed?ixlib=rb-1.2.1&q=80&fm=jpg&crop=entropy&cs=tinysrgb&w=400&fit=max&ixid=eyJhcHBfaWQiOjk5ODE1fQ"
                    style="display: none;"
                    width="100%"
                  />
                </div>
              </div>
            </div>
          </div>
        </div>
      </div>
    </div>
    <div
      class="sc-htoDjs kkCPtT"
    >
      <div
        class="sc-dnqmqq fqdXye"
      >
        <a
          href="/section/162326"
        >
          Dark Portraits
        </a>
      </div>
      <div
        class="sc-gzVnrw hoGxXq"
      >
        <div
          class="sc-ifAKCX iaQSYB"
        >
          <div
            class="sc-bxivhb bpdASk"
          >
            <div
              class="sc-htpNat ksuqex"
            >
              <div
                class="sc-bwzfXH hJKToz"
              >
                <div
                  class="sc-bdVaJa gPiIUi"
                >
                  <img
                    alt=""
                    src="https://images.unsplash.com/photo-1548504773-429e84f586d2?ixlib=rb-1.2.1&q=80&fm=jpg&crop=entropy&cs=tinysrgb&w=400&fit=max&ixid=eyJhcHBfaWQiOjk5ODE1fQ"
                    style="display: none;"
                    width="100%"
                  />
                </div>
              </div>
            </div>
            <div
              class="sc-htpNat ksuqex"
            >
              <div
                class="sc-bwzfXH hJKToz"
              >
                <div
                  class="sc-bdVaJa gPiIUi"
                >
                  <img
                    alt=""
                    src="https://images.unsplash.com/photo-1564298301689-1b7e2eeedb1e?ixlib=rb-1.2.1&q=80&fm=jpg&crop=entropy&cs=tinysrgb&w=400&fit=max&ixid=eyJhcHBfaWQiOjk5ODE1fQ"
                    style="display: none;"
                    width="100%"
                  />
                </div>
              </div>
            </div>
            <div
              class="sc-htpNat ksuqex"
            >
              <div
                class="sc-bwzfXH hJKToz"
              >
                <div
                  class="sc-bdVaJa gPiIUi"
                >
                  <img
                    alt=""
                    src="https://images.unsplash.com/photo-1572733438327-8f9e7b298093?ixlib=rb-1.2.1&q=80&fm=jpg&crop=entropy&cs=tinysrgb&w=400&fit=max&ixid=eyJhcHBfaWQiOjk5ODE1fQ"
                    style="display: none;"
                    width="100%"
                  />
                </div>
              </div>
            </div>
            <div
              class="sc-htpNat ksuqex"
            >
              <div
                class="sc-bwzfXH hJKToz"
              >
                <div
                  class="sc-bdVaJa gPiIUi"
                >
                  <img
                    alt=""
                    src="https://images.unsplash.com/photo-1569569970363-df7b6160d111?ixlib=rb-1.2.1&q=80&fm=jpg&crop=entropy&cs=tinysrgb&w=400&fit=max&ixid=eyJhcHBfaWQiOjk5ODE1fQ"
                    style="display: none;"
                    width="100%"
                  />
                </div>
              </div>
            </div>
            <div
              class="sc-htpNat ksuqex"
            >
              <div
                class="sc-bwzfXH hJKToz"
              >
                <div
                  class="sc-bdVaJa gPiIUi"
                >
                  <img
                    alt=""
                    src="https://images.unsplash.com/photo-1572733438515-8f143a854f72?ixlib=rb-1.2.1&q=80&fm=jpg&crop=entropy&cs=tinysrgb&w=400&fit=max&ixid=eyJhcHBfaWQiOjk5ODE1fQ"
                    style="display: none;"
                    width="100%"
                  />
                </div>
              </div>
            </div>
            <div
              class="sc-htpNat ksuqex"
            >
              <div
                class="sc-bwzfXH hJKToz"
              >
                <div
                  class="sc-bdVaJa gPiIUi"
                >
                  <img
                    alt=""
                    src="https://images.unsplash.com/photo-1572830079160-c2622cb81ad4?ixlib=rb-1.2.1&q=80&fm=jpg&crop=entropy&cs=tinysrgb&w=400&fit=max&ixid=eyJhcHBfaWQiOjk5ODE1fQ"
                    style="display: none;"
                    width="100%"
                  />
                </div>
              </div>
            </div>
            <div
              class="sc-htpNat ksuqex"
            >
              <div
                class="sc-bwzfXH hJKToz"
              >
                <div
                  class="sc-bdVaJa gPiIUi"
                >
                  <img
                    alt=""
                    src="https://images.unsplash.com/photo-1572836036446-6e05500a2a55?ixlib=rb-1.2.1&q=80&fm=jpg&crop=entropy&cs=tinysrgb&w=400&fit=max&ixid=eyJhcHBfaWQiOjk5ODE1fQ"
                    style="display: none;"
                    width="100%"
                  />
                </div>
              </div>
            </div>
            <div
              class="sc-htpNat ksuqex"
            >
              <div
                class="sc-bwzfXH hJKToz"
              >
                <div
                  class="sc-bdVaJa gPiIUi"
                >
                  <img
                    alt=""
                    src="https://images.unsplash.com/photo-1572879063600-700717a1d150?ixlib=rb-1.2.1&q=80&fm=jpg&crop=entropy&cs=tinysrgb&w=400&fit=max&ixid=eyJhcHBfaWQiOjk5ODE1fQ"
                    style="display: none;"
                    width="100%"
                  />
                </div>
              </div>
            </div>
            <div
              class="sc-htpNat ksuqex"
            >
              <div
                class="sc-bwzfXH hJKToz"
              >
                <div
                  class="sc-bdVaJa gPiIUi"
                >
                  <img
                    alt=""
                    src="https://images.unsplash.com/photo-1572962157581-f3569432b95f?ixlib=rb-1.2.1&q=80&fm=jpg&crop=entropy&cs=tinysrgb&w=400&fit=max&ixid=eyJhcHBfaWQiOjk5ODE1fQ"
                    style="display: none;"
                    width="100%"
                  />
                </div>
              </div>
            </div>
            <div
              class="sc-htpNat ksuqex"
            >
              <div
                class="sc-bwzfXH hJKToz"
              >
                <div
                  class="sc-bdVaJa gPiIUi"
                >
                  <img
                    alt=""
                    src="https://images.unsplash.com/photo-1573057454928-f6eda06245ed?ixlib=rb-1.2.1&q=80&fm=jpg&crop=entropy&cs=tinysrgb&w=400&fit=max&ixid=eyJhcHBfaWQiOjk5ODE1fQ"
                    style="display: none;"
                    width="100%"
                  />
                </div>
              </div>
            </div>
          </div>
        </div>
      </div>
    </div>
    <div
      class="sc-htoDjs kkCPtT"
    >
      <div
        class="sc-dnqmqq fqdXye"
      >
        <a
          href="/section/404339"
        >
          Houseplant heaven
        </a>
      </div>
      <div
        class="sc-gzVnrw hoGxXq"
      >
        <div
          class="sc-ifAKCX iaQSYB"
        >
          <div
            class="sc-bxivhb bpdASk"
          >
            <div
              class="sc-htpNat ksuqex"
            >
              <div
                class="sc-bwzfXH hJKToz"
              >
                <div
                  class="sc-bdVaJa gPiIUi"
                >
                  <img
                    alt=""
                    src="https://images.unsplash.com/photo-1548504773-429e84f586d2?ixlib=rb-1.2.1&q=80&fm=jpg&crop=entropy&cs=tinysrgb&w=400&fit=max&ixid=eyJhcHBfaWQiOjk5ODE1fQ"
                    style="display: none;"
                    width="100%"
                  />
                </div>
              </div>
            </div>
            <div
              class="sc-htpNat ksuqex"
            >
              <div
                class="sc-bwzfXH hJKToz"
              >
                <div
                  class="sc-bdVaJa gPiIUi"
                >
                  <img
                    alt=""
                    src="https://images.unsplash.com/photo-1564298301689-1b7e2eeedb1e?ixlib=rb-1.2.1&q=80&fm=jpg&crop=entropy&cs=tinysrgb&w=400&fit=max&ixid=eyJhcHBfaWQiOjk5ODE1fQ"
                    style="display: none;"
                    width="100%"
                  />
                </div>
              </div>
            </div>
            <div
              class="sc-htpNat ksuqex"
            >
              <div
                class="sc-bwzfXH hJKToz"
              >
                <div
                  class="sc-bdVaJa gPiIUi"
                >
                  <img
                    alt=""
                    src="https://images.unsplash.com/photo-1572733438327-8f9e7b298093?ixlib=rb-1.2.1&q=80&fm=jpg&crop=entropy&cs=tinysrgb&w=400&fit=max&ixid=eyJhcHBfaWQiOjk5ODE1fQ"
                    style="display: none;"
                    width="100%"
                  />
                </div>
              </div>
            </div>
            <div
              class="sc-htpNat ksuqex"
            >
              <div
                class="sc-bwzfXH hJKToz"
              >
                <div
                  class="sc-bdVaJa gPiIUi"
                >
                  <img
                    alt=""
                    src="https://images.unsplash.com/photo-1569569970363-df7b6160d111?ixlib=rb-1.2.1&q=80&fm=jpg&crop=entropy&cs=tinysrgb&w=400&fit=max&ixid=eyJhcHBfaWQiOjk5ODE1fQ"
                    style="display: none;"
                    width="100%"
                  />
                </div>
              </div>
            </div>
            <div
              class="sc-htpNat ksuqex"
            >
              <div
                class="sc-bwzfXH hJKToz"
              >
                <div
                  class="sc-bdVaJa gPiIUi"
                >
                  <img
                    alt=""
                    src="https://images.unsplash.com/photo-1572733438515-8f143a854f72?ixlib=rb-1.2.1&q=80&fm=jpg&crop=entropy&cs=tinysrgb&w=400&fit=max&ixid=eyJhcHBfaWQiOjk5ODE1fQ"
                    style="display: none;"
                    width="100%"
                  />
                </div>
              </div>
            </div>
            <div
              class="sc-htpNat ksuqex"
            >
              <div
                class="sc-bwzfXH hJKToz"
              >
                <div
                  class="sc-bdVaJa gPiIUi"
                >
                  <img
                    alt=""
                    src="https://images.unsplash.com/photo-1572830079160-c2622cb81ad4?ixlib=rb-1.2.1&q=80&fm=jpg&crop=entropy&cs=tinysrgb&w=400&fit=max&ixid=eyJhcHBfaWQiOjk5ODE1fQ"
                    style="display: none;"
                    width="100%"
                  />
                </div>
              </div>
            </div>
            <div
              class="sc-htpNat ksuqex"
            >
              <div
                class="sc-bwzfXH hJKToz"
              >
                <div
                  class="sc-bdVaJa gPiIUi"
                >
                  <img
                    alt=""
                    src="https://images.unsplash.com/photo-1572836036446-6e05500a2a55?ixlib=rb-1.2.1&q=80&fm=jpg&crop=entropy&cs=tinysrgb&w=400&fit=max&ixid=eyJhcHBfaWQiOjk5ODE1fQ"
                    style="display: none;"
                    width="100%"
                  />
                </div>
              </div>
            </div>
            <div
              class="sc-htpNat ksuqex"
            >
              <div
                class="sc-bwzfXH hJKToz"
              >
                <div
                  class="sc-bdVaJa gPiIUi"
                >
                  <img
                    alt=""
                    src="https://images.unsplash.com/photo-1572879063600-700717a1d150?ixlib=rb-1.2.1&q=80&fm=jpg&crop=entropy&cs=tinysrgb&w=400&fit=max&ixid=eyJhcHBfaWQiOjk5ODE1fQ"
                    style="display: none;"
                    width="100%"
                  />
                </div>
              </div>
            </div>
            <div
              class="sc-htpNat ksuqex"
            >
              <div
                class="sc-bwzfXH hJKToz"
              >
                <div
                  class="sc-bdVaJa gPiIUi"
                >
                  <img
                    alt=""
                    src="https://images.unsplash.com/photo-1572962157581-f3569432b95f?ixlib=rb-1.2.1&q=80&fm=jpg&crop=entropy&cs=tinysrgb&w=400&fit=max&ixid=eyJhcHBfaWQiOjk5ODE1fQ"
                    style="display: none;"
                    width="100%"
                  />
                </div>
              </div>
            </div>
            <div
              class="sc-htpNat ksuqex"
            >
              <div
                class="sc-bwzfXH hJKToz"
              >
                <div
                  class="sc-bdVaJa gPiIUi"
                >
                  <img
                    alt=""
                    src="https://images.unsplash.com/photo-1573057454928-f6eda06245ed?ixlib=rb-1.2.1&q=80&fm=jpg&crop=entropy&cs=tinysrgb&w=400&fit=max&ixid=eyJhcHBfaWQiOjk5ODE1fQ"
                    style="display: none;"
                    width="100%"
                  />
                </div>
              </div>
            </div>
          </div>
        </div>
      </div>
    </div>
    <div
      class="sc-htoDjs kkCPtT"
    >
      <div
        class="sc-dnqmqq fqdXye"
      >
        <a
          href="/section/1708734"
        >
          Blank Walls
        </a>
      </div>
      <div
        class="sc-gzVnrw hoGxXq"
      >
        <div
          class="sc-ifAKCX iaQSYB"
        >
          <div
            class="sc-bxivhb bpdASk"
          >
            <div
              class="sc-htpNat ksuqex"
            >
              <div
                class="sc-bwzfXH hJKToz"
              >
                <div
                  class="sc-bdVaJa gPiIUi"
                >
                  <img
                    alt=""
                    src="https://images.unsplash.com/photo-1548504773-429e84f586d2?ixlib=rb-1.2.1&q=80&fm=jpg&crop=entropy&cs=tinysrgb&w=400&fit=max&ixid=eyJhcHBfaWQiOjk5ODE1fQ"
                    style="display: none;"
                    width="100%"
                  />
                </div>
              </div>
            </div>
            <div
              class="sc-htpNat ksuqex"
            >
              <div
                class="sc-bwzfXH hJKToz"
              >
                <div
                  class="sc-bdVaJa gPiIUi"
                >
                  <img
                    alt=""
                    src="https://images.unsplash.com/photo-1564298301689-1b7e2eeedb1e?ixlib=rb-1.2.1&q=80&fm=jpg&crop=entropy&cs=tinysrgb&w=400&fit=max&ixid=eyJhcHBfaWQiOjk5ODE1fQ"
                    style="display: none;"
                    width="100%"
                  />
                </div>
              </div>
            </div>
            <div
              class="sc-htpNat ksuqex"
            >
              <div
                class="sc-bwzfXH hJKToz"
              >
                <div
                  class="sc-bdVaJa gPiIUi"
                >
                  <img
                    alt=""
                    src="https://images.unsplash.com/photo-1572733438327-8f9e7b298093?ixlib=rb-1.2.1&q=80&fm=jpg&crop=entropy&cs=tinysrgb&w=400&fit=max&ixid=eyJhcHBfaWQiOjk5ODE1fQ"
                    style="display: none;"
                    width="100%"
                  />
                </div>
              </div>
            </div>
            <div
              class="sc-htpNat ksuqex"
            >
              <div
                class="sc-bwzfXH hJKToz"
              >
                <div
                  class="sc-bdVaJa gPiIUi"
                >
                  <img
                    alt=""
                    src="https://images.unsplash.com/photo-1569569970363-df7b6160d111?ixlib=rb-1.2.1&q=80&fm=jpg&crop=entropy&cs=tinysrgb&w=400&fit=max&ixid=eyJhcHBfaWQiOjk5ODE1fQ"
                    style="display: none;"
                    width="100%"
                  />
                </div>
              </div>
            </div>
            <div
              class="sc-htpNat ksuqex"
            >
              <div
                class="sc-bwzfXH hJKToz"
              >
                <div
                  class="sc-bdVaJa gPiIUi"
                >
                  <img
                    alt=""
                    src="https://images.unsplash.com/photo-1572733438515-8f143a854f72?ixlib=rb-1.2.1&q=80&fm=jpg&crop=entropy&cs=tinysrgb&w=400&fit=max&ixid=eyJhcHBfaWQiOjk5ODE1fQ"
                    style="display: none;"
                    width="100%"
                  />
                </div>
              </div>
            </div>
            <div
              class="sc-htpNat ksuqex"
            >
              <div
                class="sc-bwzfXH hJKToz"
              >
                <div
                  class="sc-bdVaJa gPiIUi"
                >
                  <img
                    alt=""
                    src="https://images.unsplash.com/photo-1572830079160-c2622cb81ad4?ixlib=rb-1.2.1&q=80&fm=jpg&crop=entropy&cs=tinysrgb&w=400&fit=max&ixid=eyJhcHBfaWQiOjk5ODE1fQ"
                    style="display: none;"
                    width="100%"
                  />
                </div>
              </div>
            </div>
            <div
              class="sc-htpNat ksuqex"
            >
              <div
                class="sc-bwzfXH hJKToz"
              >
                <div
                  class="sc-bdVaJa gPiIUi"
                >
                  <img
                    alt=""
                    src="https://images.unsplash.com/photo-1572836036446-6e05500a2a55?ixlib=rb-1.2.1&q=80&fm=jpg&crop=entropy&cs=tinysrgb&w=400&fit=max&ixid=eyJhcHBfaWQiOjk5ODE1fQ"
                    style="display: none;"
                    width="100%"
                  />
                </div>
              </div>
            </div>
            <div
              class="sc-htpNat ksuqex"
            >
              <div
                class="sc-bwzfXH hJKToz"
              >
                <div
                  class="sc-bdVaJa gPiIUi"
                >
                  <img
                    alt=""
                    src="https://images.unsplash.com/photo-1572879063600-700717a1d150?ixlib=rb-1.2.1&q=80&fm=jpg&crop=entropy&cs=tinysrgb&w=400&fit=max&ixid=eyJhcHBfaWQiOjk5ODE1fQ"
                    style="display: none;"
                    width="100%"
                  />
                </div>
              </div>
            </div>
            <div
              class="sc-htpNat ksuqex"
            >
              <div
                class="sc-bwzfXH hJKToz"
              >
                <div
                  class="sc-bdVaJa gPiIUi"
                >
                  <img
                    alt=""
                    src="https://images.unsplash.com/photo-1572962157581-f3569432b95f?ixlib=rb-1.2.1&q=80&fm=jpg&crop=entropy&cs=tinysrgb&w=400&fit=max&ixid=eyJhcHBfaWQiOjk5ODE1fQ"
                    style="display: none;"
                    width="100%"
                  />
                </div>
              </div>
            </div>
            <div
              class="sc-htpNat ksuqex"
            >
              <div
                class="sc-bwzfXH hJKToz"
              >
                <div
                  class="sc-bdVaJa gPiIUi"
                >
                  <img
                    alt=""
                    src="https://images.unsplash.com/photo-1573057454928-f6eda06245ed?ixlib=rb-1.2.1&q=80&fm=jpg&crop=entropy&cs=tinysrgb&w=400&fit=max&ixid=eyJhcHBfaWQiOjk5ODE1fQ"
                    style="display: none;"
                    width="100%"
                  />
                </div>
              </div>
            </div>
          </div>
        </div>
      </div>
    </div>
    <div
      class="sc-htoDjs kkCPtT"
    >
      <div
        class="sc-dnqmqq fqdXye"
      >
        <a
          href="/section/1227291"
        >
          Pumpkin, Spice, and Lattes
        </a>
      </div>
      <div
        class="sc-gzVnrw hoGxXq"
      >
        <div
          class="sc-ifAKCX iaQSYB"
        >
          <div
            class="sc-bxivhb bpdASk"
          >
            <div
              class="sc-htpNat ksuqex"
            >
              <div
                class="sc-bwzfXH hJKToz"
              >
                <div
                  class="sc-bdVaJa gPiIUi"
                >
                  <img
                    alt=""
                    src="https://images.unsplash.com/photo-1548504773-429e84f586d2?ixlib=rb-1.2.1&q=80&fm=jpg&crop=entropy&cs=tinysrgb&w=400&fit=max&ixid=eyJhcHBfaWQiOjk5ODE1fQ"
                    style="display: none;"
                    width="100%"
                  />
                </div>
              </div>
            </div>
            <div
              class="sc-htpNat ksuqex"
            >
              <div
                class="sc-bwzfXH hJKToz"
              >
                <div
                  class="sc-bdVaJa gPiIUi"
                >
                  <img
                    alt=""
                    src="https://images.unsplash.com/photo-1564298301689-1b7e2eeedb1e?ixlib=rb-1.2.1&q=80&fm=jpg&crop=entropy&cs=tinysrgb&w=400&fit=max&ixid=eyJhcHBfaWQiOjk5ODE1fQ"
                    style="display: none;"
                    width="100%"
                  />
                </div>
              </div>
            </div>
            <div
              class="sc-htpNat ksuqex"
            >
              <div
                class="sc-bwzfXH hJKToz"
              >
                <div
                  class="sc-bdVaJa gPiIUi"
                >
                  <img
                    alt=""
                    src="https://images.unsplash.com/photo-1572733438327-8f9e7b298093?ixlib=rb-1.2.1&q=80&fm=jpg&crop=entropy&cs=tinysrgb&w=400&fit=max&ixid=eyJhcHBfaWQiOjk5ODE1fQ"
                    style="display: none;"
                    width="100%"
                  />
                </div>
              </div>
            </div>
            <div
              class="sc-htpNat ksuqex"
            >
              <div
                class="sc-bwzfXH hJKToz"
              >
                <div
                  class="sc-bdVaJa gPiIUi"
                >
                  <img
                    alt=""
                    src="https://images.unsplash.com/photo-1569569970363-df7b6160d111?ixlib=rb-1.2.1&q=80&fm=jpg&crop=entropy&cs=tinysrgb&w=400&fit=max&ixid=eyJhcHBfaWQiOjk5ODE1fQ"
                    style="display: none;"
                    width="100%"
                  />
                </div>
              </div>
            </div>
            <div
              class="sc-htpNat ksuqex"
            >
              <div
                class="sc-bwzfXH hJKToz"
              >
                <div
                  class="sc-bdVaJa gPiIUi"
                >
                  <img
                    alt=""
                    src="https://images.unsplash.com/photo-1572733438515-8f143a854f72?ixlib=rb-1.2.1&q=80&fm=jpg&crop=entropy&cs=tinysrgb&w=400&fit=max&ixid=eyJhcHBfaWQiOjk5ODE1fQ"
                    style="display: none;"
                    width="100%"
                  />
                </div>
              </div>
            </div>
            <div
              class="sc-htpNat ksuqex"
            >
              <div
                class="sc-bwzfXH hJKToz"
              >
                <div
                  class="sc-bdVaJa gPiIUi"
                >
                  <img
                    alt=""
                    src="https://images.unsplash.com/photo-1572830079160-c2622cb81ad4?ixlib=rb-1.2.1&q=80&fm=jpg&crop=entropy&cs=tinysrgb&w=400&fit=max&ixid=eyJhcHBfaWQiOjk5ODE1fQ"
                    style="display: none;"
                    width="100%"
                  />
                </div>
              </div>
            </div>
            <div
              class="sc-htpNat ksuqex"
            >
              <div
                class="sc-bwzfXH hJKToz"
              >
                <div
                  class="sc-bdVaJa gPiIUi"
                >
                  <img
                    alt=""
                    src="https://images.unsplash.com/photo-1572836036446-6e05500a2a55?ixlib=rb-1.2.1&q=80&fm=jpg&crop=entropy&cs=tinysrgb&w=400&fit=max&ixid=eyJhcHBfaWQiOjk5ODE1fQ"
                    style="display: none;"
                    width="100%"
                  />
                </div>
              </div>
            </div>
            <div
              class="sc-htpNat ksuqex"
            >
              <div
                class="sc-bwzfXH hJKToz"
              >
                <div
                  class="sc-bdVaJa gPiIUi"
                >
                  <img
                    alt=""
                    src="https://images.unsplash.com/photo-1572879063600-700717a1d150?ixlib=rb-1.2.1&q=80&fm=jpg&crop=entropy&cs=tinysrgb&w=400&fit=max&ixid=eyJhcHBfaWQiOjk5ODE1fQ"
                    style="display: none;"
                    width="100%"
                  />
                </div>
              </div>
            </div>
            <div
              class="sc-htpNat ksuqex"
            >
              <div
                class="sc-bwzfXH hJKToz"
              >
                <div
                  class="sc-bdVaJa gPiIUi"
                >
                  <img
                    alt=""
                    src="https://images.unsplash.com/photo-1572962157581-f3569432b95f?ixlib=rb-1.2.1&q=80&fm=jpg&crop=entropy&cs=tinysrgb&w=400&fit=max&ixid=eyJhcHBfaWQiOjk5ODE1fQ"
                    style="display: none;"
                    width="100%"
                  />
                </div>
              </div>
            </div>
            <div
              class="sc-htpNat ksuqex"
            >
              <div
                class="sc-bwzfXH hJKToz"
              >
                <div
                  class="sc-bdVaJa gPiIUi"
                >
                  <img
                    alt=""
                    src="https://images.unsplash.com/photo-1573057454928-f6eda06245ed?ixlib=rb-1.2.1&q=80&fm=jpg&crop=entropy&cs=tinysrgb&w=400&fit=max&ixid=eyJhcHBfaWQiOjk5ODE1fQ"
                    style="display: none;"
                    width="100%"
                  />
                </div>
              </div>
            </div>
          </div>
        </div>
      </div>
    </div>
    <div
      class="sc-htoDjs kkCPtT"
    >
      <div
        class="sc-dnqmqq fqdXye"
      >
        <a
          href="/section/1248080"
        >
          October Afternoon
        </a>
      </div>
      <div
        class="sc-gzVnrw hoGxXq"
      >
        <div
          class="sc-ifAKCX iaQSYB"
        >
          <div
            class="sc-bxivhb bpdASk"
          >
            <div
              class="sc-htpNat ksuqex"
            >
              <div
                class="sc-bwzfXH hJKToz"
              >
                <div
                  class="sc-bdVaJa gPiIUi"
                >
                  <img
                    alt=""
                    src="https://images.unsplash.com/photo-1548504773-429e84f586d2?ixlib=rb-1.2.1&q=80&fm=jpg&crop=entropy&cs=tinysrgb&w=400&fit=max&ixid=eyJhcHBfaWQiOjk5ODE1fQ"
                    style="display: none;"
                    width="100%"
                  />
                </div>
              </div>
            </div>
            <div
              class="sc-htpNat ksuqex"
            >
              <div
                class="sc-bwzfXH hJKToz"
              >
                <div
                  class="sc-bdVaJa gPiIUi"
                >
                  <img
                    alt=""
                    src="https://images.unsplash.com/photo-1564298301689-1b7e2eeedb1e?ixlib=rb-1.2.1&q=80&fm=jpg&crop=entropy&cs=tinysrgb&w=400&fit=max&ixid=eyJhcHBfaWQiOjk5ODE1fQ"
                    style="display: none;"
                    width="100%"
                  />
                </div>
              </div>
            </div>
            <div
              class="sc-htpNat ksuqex"
            >
              <div
                class="sc-bwzfXH hJKToz"
              >
                <div
                  class="sc-bdVaJa gPiIUi"
                >
                  <img
                    alt=""
                    src="https://images.unsplash.com/photo-1572733438327-8f9e7b298093?ixlib=rb-1.2.1&q=80&fm=jpg&crop=entropy&cs=tinysrgb&w=400&fit=max&ixid=eyJhcHBfaWQiOjk5ODE1fQ"
                    style="display: none;"
                    width="100%"
                  />
                </div>
              </div>
            </div>
            <div
              class="sc-htpNat ksuqex"
            >
              <div
                class="sc-bwzfXH hJKToz"
              >
                <div
                  class="sc-bdVaJa gPiIUi"
                >
                  <img
                    alt=""
                    src="https://images.unsplash.com/photo-1569569970363-df7b6160d111?ixlib=rb-1.2.1&q=80&fm=jpg&crop=entropy&cs=tinysrgb&w=400&fit=max&ixid=eyJhcHBfaWQiOjk5ODE1fQ"
                    style="display: none;"
                    width="100%"
                  />
                </div>
              </div>
            </div>
            <div
              class="sc-htpNat ksuqex"
            >
              <div
                class="sc-bwzfXH hJKToz"
              >
                <div
                  class="sc-bdVaJa gPiIUi"
                >
                  <img
                    alt=""
                    src="https://images.unsplash.com/photo-1572733438515-8f143a854f72?ixlib=rb-1.2.1&q=80&fm=jpg&crop=entropy&cs=tinysrgb&w=400&fit=max&ixid=eyJhcHBfaWQiOjk5ODE1fQ"
                    style="display: none;"
                    width="100%"
                  />
                </div>
              </div>
            </div>
            <div
              class="sc-htpNat ksuqex"
            >
              <div
                class="sc-bwzfXH hJKToz"
              >
                <div
                  class="sc-bdVaJa gPiIUi"
                >
                  <img
                    alt=""
                    src="https://images.unsplash.com/photo-1572830079160-c2622cb81ad4?ixlib=rb-1.2.1&q=80&fm=jpg&crop=entropy&cs=tinysrgb&w=400&fit=max&ixid=eyJhcHBfaWQiOjk5ODE1fQ"
                    style="display: none;"
                    width="100%"
                  />
                </div>
              </div>
            </div>
            <div
              class="sc-htpNat ksuqex"
            >
              <div
                class="sc-bwzfXH hJKToz"
              >
                <div
                  class="sc-bdVaJa gPiIUi"
                >
                  <img
                    alt=""
                    src="https://images.unsplash.com/photo-1572836036446-6e05500a2a55?ixlib=rb-1.2.1&q=80&fm=jpg&crop=entropy&cs=tinysrgb&w=400&fit=max&ixid=eyJhcHBfaWQiOjk5ODE1fQ"
                    style="display: none;"
                    width="100%"
                  />
                </div>
              </div>
            </div>
            <div
              class="sc-htpNat ksuqex"
            >
              <div
                class="sc-bwzfXH hJKToz"
              >
                <div
                  class="sc-bdVaJa gPiIUi"
                >
                  <img
                    alt=""
                    src="https://images.unsplash.com/photo-1572879063600-700717a1d150?ixlib=rb-1.2.1&q=80&fm=jpg&crop=entropy&cs=tinysrgb&w=400&fit=max&ixid=eyJhcHBfaWQiOjk5ODE1fQ"
                    style="display: none;"
                    width="100%"
                  />
                </div>
              </div>
            </div>
            <div
              class="sc-htpNat ksuqex"
            >
              <div
                class="sc-bwzfXH hJKToz"
              >
                <div
                  class="sc-bdVaJa gPiIUi"
                >
                  <img
                    alt=""
                    src="https://images.unsplash.com/photo-1572962157581-f3569432b95f?ixlib=rb-1.2.1&q=80&fm=jpg&crop=entropy&cs=tinysrgb&w=400&fit=max&ixid=eyJhcHBfaWQiOjk5ODE1fQ"
                    style="display: none;"
                    width="100%"
                  />
                </div>
              </div>
            </div>
            <div
              class="sc-htpNat ksuqex"
            >
              <div
                class="sc-bwzfXH hJKToz"
              >
                <div
                  class="sc-bdVaJa gPiIUi"
                >
                  <img
                    alt=""
                    src="https://images.unsplash.com/photo-1573057454928-f6eda06245ed?ixlib=rb-1.2.1&q=80&fm=jpg&crop=entropy&cs=tinysrgb&w=400&fit=max&ixid=eyJhcHBfaWQiOjk5ODE1fQ"
                    style="display: none;"
                    width="100%"
                  />
                </div>
              </div>
            </div>
          </div>
        </div>
      </div>
    </div>
    <div
      class="sc-htoDjs kkCPtT"
    >
      <div
        class="sc-dnqmqq fqdXye"
      >
        <a
          href="/section/141077"
        >
          American Political
        </a>
      </div>
      <div
        class="sc-gzVnrw hoGxXq"
      >
        <div
          class="sc-ifAKCX iaQSYB"
        >
          <div
            class="sc-bxivhb bpdASk"
          >
            <div
              class="sc-htpNat ksuqex"
            >
              <div
                class="sc-bwzfXH hJKToz"
              >
                <div
                  class="sc-bdVaJa gPiIUi"
                >
                  <img
                    alt=""
                    src="https://images.unsplash.com/photo-1548504773-429e84f586d2?ixlib=rb-1.2.1&q=80&fm=jpg&crop=entropy&cs=tinysrgb&w=400&fit=max&ixid=eyJhcHBfaWQiOjk5ODE1fQ"
                    style="display: none;"
                    width="100%"
                  />
                </div>
              </div>
            </div>
            <div
              class="sc-htpNat ksuqex"
            >
              <div
                class="sc-bwzfXH hJKToz"
              >
                <div
                  class="sc-bdVaJa gPiIUi"
                >
                  <img
                    alt=""
                    src="https://images.unsplash.com/photo-1564298301689-1b7e2eeedb1e?ixlib=rb-1.2.1&q=80&fm=jpg&crop=entropy&cs=tinysrgb&w=400&fit=max&ixid=eyJhcHBfaWQiOjk5ODE1fQ"
                    style="display: none;"
                    width="100%"
                  />
                </div>
              </div>
            </div>
            <div
              class="sc-htpNat ksuqex"
            >
              <div
                class="sc-bwzfXH hJKToz"
              >
                <div
                  class="sc-bdVaJa gPiIUi"
                >
                  <img
                    alt=""
                    src="https://images.unsplash.com/photo-1572733438327-8f9e7b298093?ixlib=rb-1.2.1&q=80&fm=jpg&crop=entropy&cs=tinysrgb&w=400&fit=max&ixid=eyJhcHBfaWQiOjk5ODE1fQ"
                    style="display: none;"
                    width="100%"
                  />
                </div>
              </div>
            </div>
            <div
              class="sc-htpNat ksuqex"
            >
              <div
                class="sc-bwzfXH hJKToz"
              >
                <div
                  class="sc-bdVaJa gPiIUi"
                >
                  <img
                    alt=""
                    src="https://images.unsplash.com/photo-1569569970363-df7b6160d111?ixlib=rb-1.2.1&q=80&fm=jpg&crop=entropy&cs=tinysrgb&w=400&fit=max&ixid=eyJhcHBfaWQiOjk5ODE1fQ"
                    style="display: none;"
                    width="100%"
                  />
                </div>
              </div>
            </div>
            <div
              class="sc-htpNat ksuqex"
            >
              <div
                class="sc-bwzfXH hJKToz"
              >
                <div
                  class="sc-bdVaJa gPiIUi"
                >
                  <img
                    alt=""
                    src="https://images.unsplash.com/photo-1572733438515-8f143a854f72?ixlib=rb-1.2.1&q=80&fm=jpg&crop=entropy&cs=tinysrgb&w=400&fit=max&ixid=eyJhcHBfaWQiOjk5ODE1fQ"
                    style="display: none;"
                    width="100%"
                  />
                </div>
              </div>
            </div>
            <div
              class="sc-htpNat ksuqex"
            >
              <div
                class="sc-bwzfXH hJKToz"
              >
                <div
                  class="sc-bdVaJa gPiIUi"
                >
                  <img
                    alt=""
                    src="https://images.unsplash.com/photo-1572830079160-c2622cb81ad4?ixlib=rb-1.2.1&q=80&fm=jpg&crop=entropy&cs=tinysrgb&w=400&fit=max&ixid=eyJhcHBfaWQiOjk5ODE1fQ"
                    style="display: none;"
                    width="100%"
                  />
                </div>
              </div>
            </div>
            <div
              class="sc-htpNat ksuqex"
            >
              <div
                class="sc-bwzfXH hJKToz"
              >
                <div
                  class="sc-bdVaJa gPiIUi"
                >
                  <img
                    alt=""
                    src="https://images.unsplash.com/photo-1572836036446-6e05500a2a55?ixlib=rb-1.2.1&q=80&fm=jpg&crop=entropy&cs=tinysrgb&w=400&fit=max&ixid=eyJhcHBfaWQiOjk5ODE1fQ"
                    style="display: none;"
                    width="100%"
                  />
                </div>
              </div>
            </div>
            <div
              class="sc-htpNat ksuqex"
            >
              <div
                class="sc-bwzfXH hJKToz"
              >
                <div
                  class="sc-bdVaJa gPiIUi"
                >
                  <img
                    alt=""
                    src="https://images.unsplash.com/photo-1572879063600-700717a1d150?ixlib=rb-1.2.1&q=80&fm=jpg&crop=entropy&cs=tinysrgb&w=400&fit=max&ixid=eyJhcHBfaWQiOjk5ODE1fQ"
                    style="display: none;"
                    width="100%"
                  />
                </div>
              </div>
            </div>
            <div
              class="sc-htpNat ksuqex"
            >
              <div
                class="sc-bwzfXH hJKToz"
              >
                <div
                  class="sc-bdVaJa gPiIUi"
                >
                  <img
                    alt=""
                    src="https://images.unsplash.com/photo-1572962157581-f3569432b95f?ixlib=rb-1.2.1&q=80&fm=jpg&crop=entropy&cs=tinysrgb&w=400&fit=max&ixid=eyJhcHBfaWQiOjk5ODE1fQ"
                    style="display: none;"
                    width="100%"
                  />
                </div>
              </div>
            </div>
            <div
              class="sc-htpNat ksuqex"
            >
              <div
                class="sc-bwzfXH hJKToz"
              >
                <div
                  class="sc-bdVaJa gPiIUi"
                >
                  <img
                    alt=""
                    src="https://images.unsplash.com/photo-1573057454928-f6eda06245ed?ixlib=rb-1.2.1&q=80&fm=jpg&crop=entropy&cs=tinysrgb&w=400&fit=max&ixid=eyJhcHBfaWQiOjk5ODE1fQ"
                    style="display: none;"
                    width="100%"
                  />
                </div>
              </div>
            </div>
          </div>
        </div>
      </div>
    </div>
    <div
      class="sc-htoDjs kkCPtT"
    >
      <div
        class="sc-dnqmqq fqdXye"
      >
        <a
          href="/section/1901880"
        >
          spooky
        </a>
      </div>
      <div
        class="sc-gzVnrw hoGxXq"
      >
        <div
          class="sc-ifAKCX iaQSYB"
        >
          <div
            class="sc-bxivhb bpdASk"
          >
            <div
              class="sc-htpNat ksuqex"
            >
              <div
                class="sc-bwzfXH hJKToz"
              >
                <div
                  class="sc-bdVaJa gPiIUi"
                >
                  <img
                    alt=""
                    src="https://images.unsplash.com/photo-1548504773-429e84f586d2?ixlib=rb-1.2.1&q=80&fm=jpg&crop=entropy&cs=tinysrgb&w=400&fit=max&ixid=eyJhcHBfaWQiOjk5ODE1fQ"
                    style="display: none;"
                    width="100%"
                  />
                </div>
              </div>
            </div>
            <div
              class="sc-htpNat ksuqex"
            >
              <div
                class="sc-bwzfXH hJKToz"
              >
                <div
                  class="sc-bdVaJa gPiIUi"
                >
                  <img
                    alt=""
                    src="https://images.unsplash.com/photo-1564298301689-1b7e2eeedb1e?ixlib=rb-1.2.1&q=80&fm=jpg&crop=entropy&cs=tinysrgb&w=400&fit=max&ixid=eyJhcHBfaWQiOjk5ODE1fQ"
                    style="display: none;"
                    width="100%"
                  />
                </div>
              </div>
            </div>
            <div
              class="sc-htpNat ksuqex"
            >
              <div
                class="sc-bwzfXH hJKToz"
              >
                <div
                  class="sc-bdVaJa gPiIUi"
                >
                  <img
                    alt=""
                    src="https://images.unsplash.com/photo-1572733438327-8f9e7b298093?ixlib=rb-1.2.1&q=80&fm=jpg&crop=entropy&cs=tinysrgb&w=400&fit=max&ixid=eyJhcHBfaWQiOjk5ODE1fQ"
                    style="display: none;"
                    width="100%"
                  />
                </div>
              </div>
            </div>
            <div
              class="sc-htpNat ksuqex"
            >
              <div
                class="sc-bwzfXH hJKToz"
              >
                <div
                  class="sc-bdVaJa gPiIUi"
                >
                  <img
                    alt=""
                    src="https://images.unsplash.com/photo-1569569970363-df7b6160d111?ixlib=rb-1.2.1&q=80&fm=jpg&crop=entropy&cs=tinysrgb&w=400&fit=max&ixid=eyJhcHBfaWQiOjk5ODE1fQ"
                    style="display: none;"
                    width="100%"
                  />
                </div>
              </div>
            </div>
            <div
              class="sc-htpNat ksuqex"
            >
              <div
                class="sc-bwzfXH hJKToz"
              >
                <div
                  class="sc-bdVaJa gPiIUi"
                >
                  <img
                    alt=""
                    src="https://images.unsplash.com/photo-1572733438515-8f143a854f72?ixlib=rb-1.2.1&q=80&fm=jpg&crop=entropy&cs=tinysrgb&w=400&fit=max&ixid=eyJhcHBfaWQiOjk5ODE1fQ"
                    style="display: none;"
                    width="100%"
                  />
                </div>
              </div>
            </div>
            <div
              class="sc-htpNat ksuqex"
            >
              <div
                class="sc-bwzfXH hJKToz"
              >
                <div
                  class="sc-bdVaJa gPiIUi"
                >
                  <img
                    alt=""
                    src="https://images.unsplash.com/photo-1572830079160-c2622cb81ad4?ixlib=rb-1.2.1&q=80&fm=jpg&crop=entropy&cs=tinysrgb&w=400&fit=max&ixid=eyJhcHBfaWQiOjk5ODE1fQ"
                    style="display: none;"
                    width="100%"
                  />
                </div>
              </div>
            </div>
            <div
              class="sc-htpNat ksuqex"
            >
              <div
                class="sc-bwzfXH hJKToz"
              >
                <div
                  class="sc-bdVaJa gPiIUi"
                >
                  <img
                    alt=""
                    src="https://images.unsplash.com/photo-1572836036446-6e05500a2a55?ixlib=rb-1.2.1&q=80&fm=jpg&crop=entropy&cs=tinysrgb&w=400&fit=max&ixid=eyJhcHBfaWQiOjk5ODE1fQ"
                    style="display: none;"
                    width="100%"
                  />
                </div>
              </div>
            </div>
            <div
              class="sc-htpNat ksuqex"
            >
              <div
                class="sc-bwzfXH hJKToz"
              >
                <div
                  class="sc-bdVaJa gPiIUi"
                >
                  <img
                    alt=""
                    src="https://images.unsplash.com/photo-1572879063600-700717a1d150?ixlib=rb-1.2.1&q=80&fm=jpg&crop=entropy&cs=tinysrgb&w=400&fit=max&ixid=eyJhcHBfaWQiOjk5ODE1fQ"
                    style="display: none;"
                    width="100%"
                  />
                </div>
              </div>
            </div>
            <div
              class="sc-htpNat ksuqex"
            >
              <div
                class="sc-bwzfXH hJKToz"
              >
                <div
                  class="sc-bdVaJa gPiIUi"
                >
                  <img
                    alt=""
                    src="https://images.unsplash.com/photo-1572962157581-f3569432b95f?ixlib=rb-1.2.1&q=80&fm=jpg&crop=entropy&cs=tinysrgb&w=400&fit=max&ixid=eyJhcHBfaWQiOjk5ODE1fQ"
                    style="display: none;"
                    width="100%"
                  />
                </div>
              </div>
            </div>
            <div
              class="sc-htpNat ksuqex"
            >
              <div
                class="sc-bwzfXH hJKToz"
              >
                <div
                  class="sc-bdVaJa gPiIUi"
                >
                  <img
                    alt=""
                    src="https://images.unsplash.com/photo-1573057454928-f6eda06245ed?ixlib=rb-1.2.1&q=80&fm=jpg&crop=entropy&cs=tinysrgb&w=400&fit=max&ixid=eyJhcHBfaWQiOjk5ODE1fQ"
                    style="display: none;"
                    width="100%"
                  />
                </div>
              </div>
            </div>
          </div>
        </div>
      </div>
    </div>
  </div>
</div>
`;
